[codedthemes.com/demos/admin-templates/gradient-able/bootstrap/default/dashboard/index.html]
[backblue.gif]
[fade.gif]
[index.html]
[codedthemes.com/demos/admin-templates/gradient-able/bootstrap/default/assets/css/plugins/jsvectormap.min.css]
[codedthemes.com/demos/admin-templates/gradient-able/bootstrap/default/assets/fonts/tabler-icons.min.css]
[codedthemes.com/demos/admin-templates/gradient-able/bootstrap/default/assets/fonts/feather.css]
[codedthemes.com/demos/admin-templates/gradient-able/bootstrap/default/assets/fonts/fontawesome.css]
[codedthemes.com/demos/admin-templates/gradient-able/bootstrap/default/assets/fonts/material.css]
[codedthemes.com/demos/admin-templates/gradient-able/bootstrap/default/assets/css/style.css]
[codedthemes.com/demos/admin-templates/gradient-able/bootstrap/default/assets/css/style-preset.css]
[codedthemes.com/demos/admin-templates/gradient-able/bootstrap/default/dashboard/index-analytics.html]
[codedthemes.com/demos/admin-templates/gradient-able/bootstrap/default/dashboard/index-affiliate.html]
[codedthemes.com/demos/admin-templates/gradient-able/bootstrap/default/assets/images/user/avatar-2.jpg]
[codedthemes.com/demos/admin-templates/gradient-able/bootstrap/default/assets/images/user/avatar-1.jpg]
[codedthemes.com/demos/admin-templates/gradient-able/bootstrap/default/assets/images/user/avatar-3.jpg]
[codedthemes.com/demos/admin-templates/gradient-able/bootstrap/default/assets/images/widget/p1.jpg]
[codedthemes.com/demos/admin-templates/gradient-able/bootstrap/default/assets/images/widget/p2.jpg]
[codedthemes.com/demos/admin-templates/gradient-able/bootstrap/default/assets/images/widget/p3.jpg]
[codedthemes.com/demos/admin-templates/gradient-able/bootstrap/default/assets/images/widget/p4.jpg]
[codedthemes.com/cdn-cgi/scripts/5c5dd728/cloudflare-static/email-decode.min.js]
[codedthemes.com/demos/admin-templates/gradient-able/bootstrap/default/assets/js/plugins/apexcharts.min.js]
[codedthemes.com/demos/admin-templates/gradient-able/bootstrap/default/assets/js/plugins/jsvectormap.min.js]
[codedthemes.com/demos/admin-templates/gradient-able/bootstrap/default/assets/js/plugins/world.js]
[codedthemes.com/demos/admin-templates/gradient-able/bootstrap/default/assets/js/plugins/world-merc.js]
[codedthemes.com/demos/admin-templates/gradient-able/bootstrap/default/assets/js/pages/dashboard-sales.js]
[codedthemes.com/demos/admin-templates/gradient-able/bootstrap/default/assets/js/plugins/popper.min.js]
[codedthemes.com/demos/admin-templates/gradient-able/bootstrap/default/assets/js/plugins/simplebar.min.js]
[codedthemes.com/demos/admin-templates/gradient-able/bootstrap/default/assets/js/plugins/bootstrap.min.js]
[codedthemes.com/demos/admin-templates/gradient-able/bootstrap/default/assets/js/fonts/custom-font.js]
[codedthemes.com/demos/admin-templates/gradient-able/bootstrap/default/assets/js/pcoded.js]
[codedthemes.com/demos/admin-templates/gradient-able/bootstrap/default/assets/js/plugins/feather.min.js]
[codedthemes.com/demos/admin-templates/gradient-able/bootstrap/default/dashboard/index.html]
[codedthemes.com/demos/admin-templates/gradient-able/bootstrap/default/assets/css/plugins/jsvectormap.min.css]
[codedthemes.com/cdn-cgi/scripts/7d0fa10a/cloudflare-static/rocket-loader.min.js]
[codedthemes.com/demos/admin-templates/gradient-able/bootstrap/default/assets/fonts/tabler/tabler-icons.eot]
[codedthemes.com/demos/admin-templates/gradient-able/bootstrap/default/assets/fonts/tabler/tabler-iconsd41d.eot]
[codedthemes.com/demos/admin-templates/gradient-able/bootstrap/default/assets/fonts/tabler/tabler-icons.woff2]
[codedthemes.com/demos/admin-templates/gradient-able/bootstrap/default/assets/fonts/tabler/tabler-icons.woff]
[codedthemes.com/demos/admin-templates/gradient-able/bootstrap/default/assets/fonts/tabler-icons.min.css]
[codedthemes.com/demos/admin-templates/gradient-able/bootstrap/default/assets/fonts/tabler/tabler-icons.ttf]
[codedthemes.com/demos/admin-templates/gradient-able/bootstrap/default/assets/fonts/tabler/tabler-icons.svg]
[codedthemes.com/demos/admin-templates/gradient-able/bootstrap/default/assets/fonts/feather/feathere8ab.eot]
[codedthemes.com/demos/admin-templates/gradient-able/bootstrap/default/assets/fonts/feather/feathere8ab.woff]
[codedthemes.com/demos/admin-templates/gradient-able/bootstrap/default/assets/fonts/feather/feathere8ab.ttf]
[codedthemes.com/demos/admin-templates/gradient-able/bootstrap/default/assets/fonts/feather.css]
[codedthemes.com/demos/admin-templates/gradient-able/bootstrap/default/assets/fonts/feather/feathere8ab.svg]
[codedthemes.com/demos/admin-templates/gradient-able/bootstrap/default/assets/fonts/fontawesome/fa-regular-400.eot]
[codedthemes.com/demos/admin-templates/gradient-able/bootstrap/default/assets/fonts/fontawesome/fa-regular-400d41d.eot]
[codedthemes.com/demos/admin-templates/gradient-able/bootstrap/default/assets/fonts/fontawesome/fa-regular-400.woff2]
[codedthemes.com/demos/admin-templates/gradient-able/bootstrap/default/assets/fonts/fontawesome/fa-regular-400.woff]
[codedthemes.com/demos/admin-templates/gradient-able/bootstrap/default/assets/fonts/fontawesome/fa-regular-400.ttf]
[codedthemes.com/demos/admin-templates/gradient-able/bootstrap/default/assets/fonts/fontawesome/fa-regular-400.svg]
[codedthemes.com/demos/admin-templates/gradient-able/bootstrap/default/assets/fonts/fontawesome/fa-solid-900.eot]
[codedthemes.com/demos/admin-templates/gradient-able/bootstrap/default/assets/fonts/fontawesome/fa-solid-900d41d.eot]
[codedthemes.com/demos/admin-templates/gradient-able/bootstrap/default/assets/fonts/fontawesome/fa-solid-900.woff2]
[codedthemes.com/demos/admin-templates/gradient-able/bootstrap/default/assets/fonts/fontawesome/fa-solid-900.woff]
[codedthemes.com/demos/admin-templates/gradient-able/bootstrap/default/assets/fonts/fontawesome/fa-solid-900.ttf]
[codedthemes.com/demos/admin-templates/gradient-able/bootstrap/default/assets/fonts/fontawesome/fa-solid-900.svg]
[codedthemes.com/demos/admin-templates/gradient-able/bootstrap/default/assets/fonts/fontawesome/fa-brands-400.eot]
[codedthemes.com/demos/admin-templates/gradient-able/bootstrap/default/assets/fonts/fontawesome/fa-brands-400d41d.eot]
[codedthemes.com/demos/admin-templates/gradient-able/bootstrap/default/assets/fonts/fontawesome/fa-brands-400.woff2]
[codedthemes.com/demos/admin-templates/gradient-able/bootstrap/default/assets/fonts/fontawesome/fa-brands-400.woff]
[codedthemes.com/demos/admin-templates/gradient-able/bootstrap/default/assets/fonts/fontawesome/fa-brands-400.ttf]
[codedthemes.com/demos/admin-templates/gradient-able/bootstrap/default/assets/fonts/fontawesome.css]
[codedthemes.com/demos/admin-templates/gradient-able/bootstrap/default/assets/fonts/fontawesome/fa-brands-400.svg]
[codedthemes.com/demos/admin-templates/gradient-able/bootstrap/default/assets/fonts/material/material.woff2]
[codedthemes.com/demos/admin-templates/gradient-able/bootstrap/default/assets/fonts/material.css]
[codedthemes.com/demos/admin-templates/gradient-able/bootstrap/default/assets/fonts/phosphor/duotone/style.css]
[codedthemes.com/demos/admin-templates/gradient-able/bootstrap/default/assets/css/style.css]
[codedthemes.com/demos/admin-templates/gradient-able/bootstrap/default/assets/images/authentication/img-auth-bg.jpg]
[codedthemes.com/demos/admin-templates/gradient-able/bootstrap/default/assets/css/style-preset.css]
[codedthemes.com/demos/admin-templates/gradient-able/bootstrap/default/assets/images/user/avatar-4.jpg]
[codedthemes.com/demos/admin-templates/gradient-able/bootstrap/default/assets/images/application/img-soc-gal-2.jpg]
[codedthemes.com/demos/admin-templates/gradient-able/bootstrap/default/assets/images/application/img-soc-gal-1.jpg]
[codedthemes.com/demos/admin-templates/gradient-able/bootstrap/default/assets/images/application/img-soc-gal-3.jpg]
[codedthemes.com/demos/admin-templates/gradient-able/bootstrap/default/assets/images/user/avatar-5.jpg]
[codedthemes.com/demos/admin-templates/gradient-able/bootstrap/default/dashboard/index-analytics.html]
[codedthemes.com/demos/admin-templates/gradient-able/bootstrap/default/assets/js/pages/dashboard-analytics.js]
[codedthemes.com/demos/admin-templates/gradient-able/bootstrap/default/assets/images/user/avatar-6.jpg]
[codedthemes.com/demos/admin-templates/gradient-able/bootstrap/default/assets/images/user/avatar-7.jpg]
[codedthemes.com/demos/admin-templates/gradient-able/bootstrap/default/dashboard/index-affiliate.html]
[codedthemes.com/demos/admin-templates/gradient-able/bootstrap/default/assets/js/plugins/apexcharts.min.js]
[codedthemes.com/demos/admin-templates/gradient-able/bootstrap/default/assets/js/plugins/jsvectormap.min.js]
[codedthemes.com/demos/admin-templates/gradient-able/bootstrap/default/assets/js/plugins/world.js]
[codedthemes.com/demos/admin-templates/gradient-able/bootstrap/default/assets/js/plugins/world-merc.js]
[codedthemes.com/demos/admin-templates/gradient-able/bootstrap/default/assets/js/pages/dashboard-sales.js]
[codedthemes.com/demos/admin-templates/gradient-able/bootstrap/default/assets/js/plugins/popper.min.js]
[codedthemes.com/demos/admin-templates/gradient-able/bootstrap/default/assets/js/plugins/simplebar.min.js]
[codedthemes.com/demos/admin-templates/gradient-able/bootstrap/default/assets/js/plugins/bootstrap.min.js]
[codedthemes.com/demos/admin-templates/gradient-able/bootstrap/default/assets/js/fonts/custom-font.js]
[codedthemes.com/demos/admin-templates/gradient-able/bootstrap/default/assets/js/pcoded.js]
[codedthemes.com/demos/admin-templates/gradient-able/bootstrap/default/dashboard/node.js]
[codedthemes.com/demos/admin-templates/gradient-able/bootstrap/default/assets/js/plugins/feather.min.js]
[codedthemes.com/demos/admin-templates/gradient-able/bootstrap/default/assets/fonts/tabler/tabler-icons.svg]
[codedthemes.com/demos/admin-templates/gradient-able/bootstrap/default/assets/fonts/feather/feathere8ab.svg]
[codedthemes.com/demos/admin-templates/gradient-able/bootstrap/default/assets/fonts/fontawesome/fa-regular-400.svg]
[codedthemes.com/demos/admin-templates/gradient-able/bootstrap/default/assets/fonts/fontawesome/fa-solid-900.svg]
[codedthemes.com/demos/admin-templates/gradient-able/bootstrap/default/assets/fonts/fontawesome/fa-brands-400.svg]
[codedthemes.com/demos/admin-templates/gradient-able/bootstrap/default/assets/fonts/phosphor/duotone/Phosphor.woff]
[codedthemes.com/demos/admin-templates/gradient-able/bootstrap/default/assets/fonts/phosphor/duotone/Phosphor.ttf]
[codedthemes.com/demos/admin-templates/gradient-able/bootstrap/default/assets/fonts/phosphor/duotone/style.css]
[codedthemes.com/demos/admin-templates/gradient-able/bootstrap/default/assets/js/pages/dashboard-analytics.js]
[codedthemes.com/demos/admin-templates/gradient-able/bootstrap/default/dashboard/node.html]
[codedthemes.com/demos/admin-templates/gradient-able/bootstrap/default/assets/fonts/phosphor/duotone/Phosphor.svg]
[codedthemes.com/demos/admin-templates/gradient-able/bootstrap/default/assets/fonts/phosphor/duotone/Phosphor.svg]
